[sp-engine] perplexity: SP_ENGINE_NATIVE=1 — routing through native O_K forward pass.
[sp_threadpool] 16 threads ready (1 driver + 15 workers)
[sp-engine] perplexity-native: thread pool = 16 workers
[sp-engine] perplexity-native: arch=gemma3 n_head=4 n_kv_head=1 head_dim=256
[sp-weights-loader] Phase 2.3b norms: q_norm=26 k_norm=26 attn_post=26 ffn_post=26 (per-layer counts)
[sp-weights-loader] dims: n_layers=26 n_embd=1152 n_head=4 n_kv_head=1 head_dim=256 d_ff=6912 vocab=262144  ok_arena=10.40 GB (697761792 elems @ 16 B)  bypass_fp32=2.25 GB  total=12.65 GB
[sp-weights-loader] mode=frobenius-quant  shim-set=182  bypass-set=2  missing=0  shimmed=182
[sp-weights-q8] convert_to_q8: packed 182 tensors  shift=[26..29] mean=27.0
[sp-weights-q8] memory: released 10.40 GB original sp_ok_t arena,  allocated 1.30 GB packed q8 storage,  ratio=8.00x
[sp-weights-loader] mode=frobenius-quant + Q8  packed=182 tensors  (use_q8=1)
[sp-engine] perplexity-native: rope_freq_base=1000000.0  rope_mode=NEOX  embd_scale=33.941  ffn_act=GeGLU_tanh  rms_eps=1.00e-06
[sp_forward] Q8 mode: fused matmul path (no decode workspace, no prefetch worker)
[sp-engine] perplexity-native: K_NTT_CRT dual cache = 13.0 MB total (2 * 6.5 MB)  (n_layers=26, n_kv_head=1, n_ctx=128, N=256)
[sp-engine] perplexity-native: attn_mode=POLY_RING(Z[x]/(x^N+1)) +K_NTT_CRT(q1*q2)
[probe] attn_norm[0]: n=1152  mean=5.5495  std=2.7681  min=3.4688  max=56.7500
[sp-engine] perplexity-native: gemma3 SWA window=512  attn_softcap=0.00  final_softcap=0.00  swa_rope_base=10000.0  pattern=5L:1G
[sp-engine] perplexity-native: ctx ready  n_layers=26 n_embd=1152 n_head=4 n_kv_head=1 head_dim=256 d_ff=6912 vocab=262144 scale_recip=16384 v_frob=2161480
[sp-engine] perplexity-native: tokenised 198603 bytes -> 121969 tokens
[sp-engine] perplexity-native: n_ctx=128  total_chunks=952  eval=4  vocab=262144
[sp-attention] POLY_RING CRT path ENABLED (N=256, q1=1073738753, q2=1073732609)
  [native] chunk   1/4  PPL_running=9.1403  elapsed=62.6s
  [native] chunk   2/4  PPL_running=10.2580  elapsed=125.4s
  [native] chunk   3/4  PPL_running=12.2346  elapsed=188.4s
  [native] chunk   4/4  PPL_running=11.8313  elapsed=252.3s
PPL_native = 11.8313  (over 252 tokens, 4 chunks at ctx=128, frobenius_quant=1 sato_tate=0)
