[sp-engine] perplexity: SP_ENGINE_NATIVE=1 — routing through native O_K forward pass.
[sp_threadpool] 16 threads ready (1 driver + 15 workers)
[sp-engine] perplexity-native: thread pool = 16 workers
[sp-engine] perplexity-native: arch=gemma3 n_head=4 n_kv_head=1 head_dim=256
[sp-weights-loader] wq: dequanted Q4_0 -> fp16 (1179648 elems)
[sp-weights-loader] wk: dequanted Q4_0 -> fp16 (294912 elems)
[sp-weights-loader] wv: dequanted Q4_0 -> fp16 (294912 elems)
[sp-weights-loader] wo: dequanted Q4_0 -> fp16 (1179648 elems)
[sp-weights-loader] ffn_gate: dequanted Q4_0 -> fp16 (7962624 elems)
[sp-weights-loader] ffn_up: dequanted Q4_0 -> fp16 (7962624 elems)
[sp-weights-loader] ffn_down: unsupported type 3 for fp16-or-dequant
[sp-weights-loader] wq: dequanted Q4_0 -> fp16 (1179648 elems)
[sp-weights-loader] wk: dequanted Q4_0 -> fp16 (294912 elems)
[sp-weights-loader] wv: dequanted Q4_0 -> fp16 (294912 elems)
[sp-weights-loader] wo: dequanted Q4_0 -> fp16 (1179648 elems)
[sp-weights-loader] ffn_gate: dequanted Q4_0 -> fp16 (7962624 elems)
[sp-weights-loader] ffn_up: dequanted Q4_0 -> fp16 (7962624 elems)
[sp-weights-loader] ffn_down: unsupported type 3 for fp16-or-dequant
[sp-weights-loader] wq: dequanted Q4_0 -> fp16 (1179648 elems)
[sp-weights-loader] wk: dequanted Q4_0 -> fp16 (294912 elems)
[sp-weights-loader] wv: dequanted Q4_0 -> fp16 (294912 elems)
[sp-weights-loader] wo: dequanted Q4_0 -> fp16 (1179648 elems)
[sp-weights-loader] ffn_gate: dequanted Q4_0 -> fp16 (7962624 elems)
[sp-weights-loader] ffn_up: dequanted Q4_0 -> fp16 (7962624 elems)
[sp-weights-loader] ffn_down: unsupported type 3 for fp16-or-dequant
[sp-weights-loader] wq: dequanted Q4_0 -> fp16 (1179648 elems)
[sp-weights-loader] wk: dequanted Q4_0 -> fp16 (294912 elems)
[sp-weights-loader] wv: dequanted Q4_0 -> fp16 (294912 elems)
[sp-weights-loader] wo: dequanted Q4_0 -> fp16 (1179648 elems)
[sp-weights-loader] ffn_gate: dequanted Q4_0 -> fp16 (7962624 elems)
[sp-weights-loader] ffn_up: dequanted Q4_0 -> fp16 (7962624 elems)
[sp-weights-loader] ffn_down: dequanted Q4_0 -> fp16 (7962624 elems)
[sp-weights-loader] wq: dequanted Q4_0 -> fp16 (1179648 elems)
[sp-weights-loader] wk: dequanted Q4_0 -> fp16 (294912 elems)
[sp-weights-loader] wv: dequanted Q4_0 -> fp16 (294912 elems)
[sp-weights-loader] wo: dequanted Q4_0 -> fp16 (1179648 elems)
[sp-weights-loader] ffn_gate: dequanted Q4_0 -> fp16 (7962624 elems)
[sp-weights-loader] ffn_up: dequanted Q4_0 -> fp16 (7962624 elems)
[sp-weights-loader] ffn_down: dequanted Q4_0 -> fp16 (7962624 elems)
[sp-weights-loader] wq: dequanted Q4_0 -> fp16 (1179648 elems)
[sp-weights-loader] wk: dequanted Q4_0 -> fp16 (294912 elems)
[sp-weights-loader] wv: dequanted Q4_0 -> fp16 (294912 elems)
[sp-weights-loader] wo: dequanted Q4_0 -> fp16 (1179648 elems)
[sp-weights-loader] ffn_gate: dequanted Q4_0 -> fp16 (7962624 elems)
[sp-weights-loader] ffn_up: dequanted Q4_0 -> fp16 (7962624 elems)
[sp-weights-loader] ffn_down: dequanted Q4_0 -> fp16 (7962624 elems)
[sp-weights-loader] wq: dequanted Q4_0 -> fp16 (1179648 elems)
[sp-weights-loader] wk: dequanted Q4_0 -> fp16 (294912 elems)
[sp-weights-loader] wv: dequanted Q4_0 -> fp16 (294912 elems)
[sp-weights-loader] wo: dequanted Q4_0 -> fp16 (1179648 elems)
[sp-weights-loader] ffn_gate: dequanted Q4_0 -> fp16 (7962624 elems)
[sp-weights-loader] ffn_up: dequanted Q4_0 -> fp16 (7962624 elems)
[sp-weights-loader] ffn_down: dequanted Q4_0 -> fp16 (7962624 elems)
[sp-weights-loader] wq: dequanted Q4_0 -> fp16 (1179648 elems)
[sp-weights-loader] wk: dequanted Q4_0 -> fp16 (294912 elems)
[sp-weights-loader] wv: dequanted Q4_0 -> fp16 (294912 elems)
[sp-weights-loader] wo: dequanted Q4_0 -> fp16 (1179648 elems)
[sp-weights-loader] ffn_gate: dequanted Q4_0 -> fp16 (7962624 elems)
[sp-weights-loader] ffn_up: dequanted Q4_0 -> fp16 (7962624 elems)
[sp-weights-loader] ffn_down: dequanted Q4_0 -> fp16 (7962624 elems)
[sp-weights-loader] wq: dequanted Q4_0 -> fp16 (1179648 elems)
[sp-weights-loader] wk: dequanted Q4_0 -> fp16 (294912 elems)
[sp-weights-loader] wv: dequanted Q4_0 -> fp16 (294912 elems)
[sp-weights-loader] wo: dequanted Q4_0 -> fp16 (1179648 elems)
[sp-weights-loader] ffn_gate: dequanted Q4_0 -> fp16 (7962624 elems)
[sp-weights-loader] ffn_up: dequanted Q4_0 -> fp16 (7962624 elems)
[sp-weights-loader] ffn_down: dequanted Q4_0 -> fp16 (7962624 elems)
[sp-weights-loader] wq: dequanted Q4_0 -> fp16 (1179648 elems)
[sp-weights-loader] wk: dequanted Q4_0 -> fp16 (294912 elems)
[sp-weights-loader] wv: dequanted Q4_0 -> fp16 (294912 elems)
[sp-weights-loader] wo: dequanted Q4_0 -> fp16 (1179648 elems)
[sp-weights-loader] ffn_gate: dequanted Q4_0 -> fp16 (7962624 elems)
[sp-weights-loader] ffn_up: dequanted Q4_0 -> fp16 (7962624 elems)
[sp-weights-loader] ffn_down: dequanted Q4_0 -> fp16 (7962624 elems)
[sp-weights-loader] wq: dequanted Q4_0 -> fp16 (1179648 elems)
[sp-weights-loader] wk: dequanted Q4_0 -> fp16 (294912 elems)
[sp-weights-loader] wv: dequanted Q4_0 -> fp16 (294912 elems)
[sp-weights-loader] wo: dequanted Q4_0 -> fp16 (1179648 elems)
[sp-weights-loader] ffn_gate: dequanted Q4_0 -> fp16 (7962624 elems)
[sp-weights-loader] ffn_up: dequanted Q4_0 -> fp16 (7962624 elems)
[sp-weights-loader] ffn_down: dequanted Q4_0 -> fp16 (7962624 elems)
[sp-weights-loader] wq: dequanted Q4_0 -> fp16 (1179648 elems)
[sp-weights-loader] wk: dequanted Q4_0 -> fp16 (294912 elems)
[sp-weights-loader] wv: dequanted Q4_0 -> fp16 (294912 elems)
[sp-weights-loader] wo: dequanted Q4_0 -> fp16 (1179648 elems)
[sp-weights-loader] ffn_gate: dequanted Q4_0 -> fp16 (7962624 elems)
[sp-weights-loader] ffn_up: dequanted Q4_0 -> fp16 (7962624 elems)
[sp-weights-loader] ffn_down: dequanted Q4_0 -> fp16 (7962624 elems)
[sp-weights-loader] wq: dequanted Q4_0 -> fp16 (1179648 elems)
[sp-weights-loader] wk: dequanted Q4_0 -> fp16 (294912 elems)
[sp-weights-loader] wv: dequanted Q4_0 -> fp16 (294912 elems)
[sp-weights-loader] wo: dequanted Q4_0 -> fp16 (1179648 elems)
[sp-weights-loader] ffn_gate: dequanted Q4_0 -> fp16 (7962624 elems)
[sp-weights-loader] ffn_up: dequanted Q4_0 -> fp16 (7962624 elems)
[sp-weights-loader] ffn_down: dequanted Q4_0 -> fp16 (7962624 elems)
[sp-weights-loader] wq: dequanted Q4_0 -> fp16 (1179648 elems)
[sp-weights-loader] wk: dequanted Q4_0 -> fp16 (294912 elems)
[sp-weights-loader] wv: dequanted Q4_0 -> fp16 (294912 elems)
[sp-weights-loader] wo: dequanted Q4_0 -> fp16 (1179648 elems)
[sp-weights-loader] ffn_gate: dequanted Q4_0 -> fp16 (7962624 elems)
[sp-weights-loader] ffn_up: dequanted Q4_0 -> fp16 (7962624 elems)
[sp-weights-loader] ffn_down: dequanted Q4_0 -> fp16 (7962624 elems)
[sp-weights-loader] wq: dequanted Q4_0 -> fp16 (1179648 elems)
[sp-weights-loader] wk: dequanted Q4_0 -> fp16 (294912 elems)
[sp-weights-loader] wv: dequanted Q4_0 -> fp16 (294912 elems)
[sp-weights-loader] wo: dequanted Q4_0 -> fp16 (1179648 elems)
[sp-weights-loader] ffn_gate: dequanted Q4_0 -> fp16 (7962624 elems)
[sp-weights-loader] ffn_up: dequanted Q4_0 -> fp16 (7962624 elems)
[sp-weights-loader] ffn_down: dequanted Q4_0 -> fp16 (7962624 elems)
[sp-weights-loader] wq: dequanted Q4_0 -> fp16 (1179648 elems)
[sp-weights-loader] wk: dequanted Q4_0 -> fp16 (294912 elems)
[sp-weights-loader] wv: dequanted Q4_0 -> fp16 (294912 elems)
[sp-weights-loader] wo: dequanted Q4_0 -> fp16 (1179648 elems)
[sp-weights-loader] ffn_gate: dequanted Q4_0 -> fp16 (7962624 elems)
[sp-weights-loader] ffn_up: dequanted Q4_0 -> fp16 (7962624 elems)
[sp-weights-loader] ffn_down: dequanted Q4_0 -> fp16 (7962624 elems)
[sp-weights-loader] wq: dequanted Q4_0 -> fp16 (1179648 elems)
[sp-weights-loader] wk: dequanted Q4_0 -> fp16 (294912 elems)
[sp-weights-loader] wv: dequanted Q4_0 -> fp16 (294912 elems)
[sp-weights-loader] wo: dequanted Q4_0 -> fp16 (1179648 elems)
[sp-weights-loader] ffn_gate: dequanted Q4_0 -> fp16 (7962624 elems)
[sp-weights-loader] ffn_up: dequanted Q4_0 -> fp16 (7962624 elems)
[sp-weights-loader] ffn_down: dequanted Q4_0 -> fp16 (7962624 elems)
[sp-weights-loader] wq: dequanted Q4_0 -> fp16 (1179648 elems)
[sp-weights-loader] wk: dequanted Q4_0 -> fp16 (294912 elems)
[sp-weights-loader] wv: dequanted Q4_0 -> fp16 (294912 elems)
[sp-weights-loader] wo: dequanted Q4_0 -> fp16 (1179648 elems)
[sp-weights-loader] ffn_gate: dequanted Q4_0 -> fp16 (7962624 elems)
[sp-weights-loader] ffn_up: dequanted Q4_0 -> fp16 (7962624 elems)
[sp-weights-loader] ffn_down: dequanted Q4_0 -> fp16 (7962624 elems)
[sp-weights-loader] wq: dequanted Q4_0 -> fp16 (1179648 elems)
[sp-weights-loader] wk: dequanted Q4_0 -> fp16 (294912 elems)
[sp-weights-loader] wv: dequanted Q4_0 -> fp16 (294912 elems)
[sp-weights-loader] wo: dequanted Q4_0 -> fp16 (1179648 elems)
[sp-weights-loader] ffn_gate: dequanted Q4_0 -> fp16 (7962624 elems)
[sp-weights-loader] ffn_up: dequanted Q4_0 -> fp16 (7962624 elems)
[sp-weights-loader] ffn_down: dequanted Q4_0 -> fp16 (7962624 elems)
[sp-weights-loader] wq: dequanted Q4_0 -> fp16 (1179648 elems)
[sp-weights-loader] wk: dequanted Q4_0 -> fp16 (294912 elems)
[sp-weights-loader] wv: dequanted Q4_0 -> fp16 (294912 elems)
[sp-weights-loader] wo: dequanted Q4_0 -> fp16 (1179648 elems)
[sp-weights-loader] ffn_gate: dequanted Q4_0 -> fp16 (7962624 elems)
[sp-weights-loader] ffn_up: dequanted Q4_0 -> fp16 (7962624 elems)
[sp-weights-loader] ffn_down: dequanted Q4_0 -> fp16 (7962624 elems)
[sp-weights-loader] wq: dequanted Q4_0 -> fp16 (1179648 elems)
[sp-weights-loader] wk: dequanted Q4_0 -> fp16 (294912 elems)
[sp-weights-loader] wv: dequanted Q4_0 -> fp16 (294912 elems)
[sp-weights-loader] wo: dequanted Q4_0 -> fp16 (1179648 elems)
[sp-weights-loader] ffn_gate: dequanted Q4_0 -> fp16 (7962624 elems)
[sp-weights-loader] ffn_up: dequanted Q4_0 -> fp16 (7962624 elems)
[sp-weights-loader] ffn_down: dequanted Q4_0 -> fp16 (7962624 elems)
[sp-weights-loader] wq: dequanted Q4_0 -> fp16 (1179648 elems)
[sp-weights-loader] wk: dequanted Q4_0 -> fp16 (294912 elems)
[sp-weights-loader] wv: dequanted Q4_0 -> fp16 (294912 elems)
[sp-weights-loader] wo: dequanted Q4_0 -> fp16 (1179648 elems)
[sp-weights-loader] ffn_gate: dequanted Q4_0 -> fp16 (7962624 elems)
[sp-weights-loader] ffn_up: dequanted Q4_0 -> fp16 (7962624 elems)
[sp-weights-loader] ffn_down: dequanted Q4_0 -> fp16 (7962624 elems)
[sp-weights-loader] wq: dequanted Q4_0 -> fp16 (1179648 elems)
[sp-weights-loader] wk: dequanted Q4_0 -> fp16 (294912 elems)
[sp-weights-loader] wv: dequanted Q4_0 -> fp16 (294912 elems)
[sp-weights-loader] wo: dequanted Q4_0 -> fp16 (1179648 elems)
[sp-weights-loader] ffn_gate: dequanted Q4_0 -> fp16 (7962624 elems)
[sp-weights-loader] ffn_up: dequanted Q4_0 -> fp16 (7962624 elems)
[sp-weights-loader] ffn_down: dequanted Q4_0 -> fp16 (7962624 elems)
[sp-weights-loader] wq: dequanted Q4_0 -> fp16 (1179648 elems)
[sp-weights-loader] wk: dequanted Q4_0 -> fp16 (294912 elems)
[sp-weights-loader] wv: dequanted Q4_0 -> fp16 (294912 elems)
[sp-weights-loader] wo: dequanted Q4_0 -> fp16 (1179648 elems)
[sp-weights-loader] ffn_gate: dequanted Q4_0 -> fp16 (7962624 elems)
[sp-weights-loader] ffn_up: dequanted Q4_0 -> fp16 (7962624 elems)
[sp-weights-loader] ffn_down: dequanted Q4_0 -> fp16 (7962624 elems)
[sp-weights-loader] wq: dequanted Q4_0 -> fp16 (1179648 elems)
[sp-weights-loader] wk: dequanted Q4_0 -> fp16 (294912 elems)
[sp-weights-loader] wv: dequanted Q4_0 -> fp16 (294912 elems)
[sp-weights-loader] wo: dequanted Q4_0 -> fp16 (1179648 elems)
[sp-weights-loader] ffn_gate: dequanted Q4_0 -> fp16 (7962624 elems)
[sp-weights-loader] ffn_up: dequanted Q4_0 -> fp16 (7962624 elems)
[sp-weights-loader] ffn_down: dequanted Q4_0 -> fp16 (7962624 elems)
[sp-weights-loader] wq: dequanted Q4_0 -> fp16 (1179648 elems)
[sp-weights-loader] wk: dequanted Q4_0 -> fp16 (294912 elems)
[sp-weights-loader] wv: dequanted Q4_0 -> fp16 (294912 elems)
[sp-weights-loader] wo: dequanted Q4_0 -> fp16 (1179648 elems)
[sp-weights-loader] ffn_gate: dequanted Q4_0 -> fp16 (7962624 elems)
[sp-weights-loader] ffn_up: dequanted Q4_0 -> fp16 (7962624 elems)
[sp-weights-loader] ffn_down: dequanted Q4_0 -> fp16 (7962624 elems)
[sp-weights-loader] Phase 2.3b norms: q_norm=26 k_norm=26 attn_post=26 ffn_post=26 (per-layer counts)
[sp-weights-loader] tok_embd: dequanted Q8_0 -> fp16 (301989888 elems)
[sp-weights-loader] lm_head: dequanted Q8_0 -> fp16 (301989888 elems)
[sp-weights-loader] dims: n_layers=26 n_embd=1152 n_head=4 n_kv_head=1 head_dim=256 d_ff=6912 vocab=262144  ok_arena=10.40 GB (697761792 elems @ 16 B)  bypass_fp32=2.25 GB  total=12.65 GB
